shilpen@shilpen-All-Series:~$ cd
shilpen@shilpen-All-Series:~$ ls
Desktop                                            Public
Documents                                          spiff
examples.desktop                                   Templates
mongodb-mms-monitoring-agent_2.1.0.35-1_amd64.deb  Ubuntu One
Music                                              Videos
notes-bosh.txt                                     VirtualBox VMs
Pictures                                           workspace
shilpen@shilpen-All-Series:~$ cd workspace
shilpen@shilpen-All-Series:~/workspace$ ls
bosh-lite  HelloWorld  MongoWork  RobotMaze
shilpen@shilpen-All-Series:~/workspace$ cd bosh-lite
shilpen@shilpen-All-Series:~/workspace/bosh-lite$ ls
bin  ca  cf-release  ci  docs  LICENSE  packer  README.md  Vagrantfile
shilpen@shilpen-All-Series:~/workspace/bosh-lite$ rbv
No command 'rbv' found, did you mean:
 Command 'rbt' from package 'python-rbtools' (universe)
 Command 'rb' from package 'lrzsz' (universe)
 Command 'rev' from package 'util-linux' (main)
 Command 'vbv' from package 'opencaster' (universe)
 Command 'rbd' from package 'ceph-common' (main)
rbv: command not found
shilpen@shilpen-All-Series:~/workspace/bosh-lite$ rbv -version
No command 'rbv' found, did you mean:
 Command 'rbd' from package 'ceph-common' (main)
 Command 'rev' from package 'util-linux' (main)
 Command 'vbv' from package 'opencaster' (universe)
 Command 'rbt' from package 'python-rbtools' (universe)
 Command 'rb' from package 'lrzsz' (universe)
rbv: command not found
shilpen@shilpen-All-Series:~/workspace/bosh-lite$ which ruby
/usr/bin/ruby
shilpen@shilpen-All-Series:~/workspace/bosh-lite$ rbv
No command 'rbv' found, did you mean:
 Command 'rbt' from package 'python-rbtools' (universe)
 Command 'rev' from package 'util-linux' (main)
 Command 'rb' from package 'lrzsz' (universe)
 Command 'vbv' from package 'opencaster' (universe)
 Command 'rbd' from package 'ceph-common' (main)
rbv: command not found
shilpen@shilpen-All-Series:~/workspace/bosh-lite$ ruby -v
ruby 2.3.1p112 (2016-04-26) [x86_64-linux-gnu]
shilpen@shilpen-All-Series:~/workspace/bosh-lite$ which ruby
/usr/bin/ruby
shilpen@shilpen-All-Series:~/workspace/bosh-lite$ rvm
= rvm

* https://rvm.io/
* https://github.com/rvm/rvm/

== DESCRIPTION:

RVM is the Ruby enVironment Manager (rvm).

It manages Ruby application environments and enables switching between them.

== Installation

  curl -L https://get.rvm.io | bash -s stable --autolibs=enabled [--ruby] [--rails] [--trace]

stable     :: Install stable RVM, good for servers.
--ruby     :: Additionally install latest ruby version (MRI).
--rails    :: Install gem rails into default gemset (also installs ruby=).
--trace    :: Print trace of the installation, gist output when you have problems.
--autolibs :: Enable or disable autolibs see: https://rvm.io/rvm/autolibs

More details here: https://rvm.io/rvm/install/

== Usage

  rvm [Flags] [Options] Action [Implementation[,Implementation[,...]]

== Flags

--default         :: with 'rvm use X', sets the default ruby for new shells to X.
--debug           :: Toggle debug mode on for very verbose output.
--disable-binary  :: Install from source instead of using binaries
--trace           :: Toggle trace mode on to see EVERYTHING rvm is doing.
--force           :: Force install, removes old install & source before install.
--summary         :: Used with rubydo to print out a summary of the commands run.
--latest          :: with gemset --dump skips version strings for latest gem.
--gems            :: with uninstall/remove removes gems with the interpreter.
--docs            :: with install, attempt to generate ri after installation.
--reconfigure     :: Force ./configure on install even if Makefile already exists.
--skip-gemsets    :: with install, skip the installation of default gemsets.
--quiet-curl      :: Makes curl silent when fetching data
--64              :: Option for installing 64-bit Rubies (default behavior)
--32              :: Option for installing 32-bit Rubies

== Options

-v|--version     :: Emit rvm version loaded for current shell
-l|--level       :: patch level to use with rvm use / install
   --bin         :: path for binaries to be placed (~/.rvm/bin/)
-S               :: Specify a script file to attempt to load and run (rubydo)
-e               :: Execute code from the command line.
--gems           :: Used to set the 'gems_flag', use with 'remove' to remove
                    gems
--archive        :: Used to set the 'archive_flag', use with 'remove' to remove
                    archive
--patch          :: With MRI Rubies you may specify one or more full paths to
                    patches

                    for multiple, specify comma separated:

                      --patch /.../.../a.patch[%prefix],/.../.../.../b.patch

                    'prefix' is an optional argument, which will be bypassed
                    to the '-p' argument of the 'patch' command. It is separated
                    from patch file name with '%' symbol.
-C|--configure   :: custom configure options. If you need to pass several
                    configure options then append them comma separated:

                      -C --...,--...,--...

--nice           :: process niceness (for slow computers, default 0)
--ree-options    :: Options passed directly to ree's './installer' on the
                    command line.
--with-rubies    :: Specifies a string for rvm to attempt to expand for set
                    operations.

== Action

(Note: for most actions, 'rvm help action-name' may provide more information.)

*usage*     :: show this usage information
version     :: show the rvm version installed in rvm_path
use         :: setup current shell to use a specific ruby version
reload      :: reload rvm source itself (useful after changing rvm source)
implode     :: (seppuku) removes the rvm installation completely.

               This means everything in $rvm_path (~/.rvm || /usr/local/rvm).

               This does not touch your profiles. However, this means that you
               must manually clean up your profiles and remove the lines which
               source RVM.
get         :: {head,stable} upgrades rvm to latest head or stable version.

               Check 'rvm help get' for more details.

               (If you experience bugs try this first with head version, then
               ask for help in #rvm on irc.freenode.net and hang around)
reset       :: remove current and stored default & system settings.

               (If you experience odd behavior try this second)
info        :: show the *current* environment information for current ruby
current     :: print the *current* ruby version and the name of any gemset
               being used.
debug       :: show info plus additional information for common issues

install     :: install one or many ruby versions

               See also: https://rvm.io/rubies/installing/
uninstall   :: uninstall one or many ruby versions, leaves their sources
remove      :: uninstall one or many ruby versions and remove their sources
reinstall   :: reinstall ruby and runs gem pristine on all gems,
               make sure to read output, use 'all' for all rubies.

migrate     :: Lets you migrate all gemsets from one ruby to another.
upgrade     :: Lets you upgrade from one version of a ruby to another, including
               migrating your gemsets semi-automatically.

wrapper     :: generates a set of wrapper executables for a given ruby with the
               specified ruby and gemset combination. Used under the hood for
               passenger support and the like.

cleanup     :: Lets you remove stale source folders / archives and other
               miscellaneous data associated with rvm.
repair      :: Lets you repair parts of your environment e.g. wrappers, env
               files and similar files (e.g. general maintenance).
fix-permissions :: Repairs broken permissions (e.g. by sudo or chef)
osx-ssl-certs :: Helps update certificates for OpenSSL installed by rvm on OSX.
snapshot    :: Lets you backup / restore an rvm installation in a lightweight
               manner.

alias       :: Lets you set shortcut strings for convenience with 'rvm use'.
disk-usage  :: Tells you how much disk space rvm install is using.
tools       :: Provides general information about the ruby environment,
               primarily useful when scripting rvm.
docs        :: Tools to make installing ri and rdoc documentation easier.
rvmrc       :: Tools related to managing rvmrc trust and loading.
patchset    :: Tools related to managing ruby patchsets.

do          :: runs an arbitrary command against specified and/or all rubies
cron        :: Manages setup for using ruby in cron tasks.

gemset      :: gemsets: https://rvm.io/gemsets/

rubygems    :: Switches the installed version of rubygems for the current ruby.

config-get  :: display values for RbConfig::CONFIG variables.
gemdir      :: display the path to the current gem directory (GEM_HOME).


fetch       :: Performs an archive / src fetch only of the selected ruby.
list        :: show currently installed rubies, interactive output.

               https://rvm.io/rubies/list/
autolibs    :: Controls settings for automatically installing dependencies.
pkg         :: Install a dependency package {readline,iconv,zlib,openssl}

               https://rvm.io/packages/
notes       :: Display notes, with operating system specifics.

export      :: Temporarily set an environment variable in the current shell.
unexport    :: Undo changes made to the environment by 'rvm export'.
requirements  :: Installs additional OS specific dependencies/requirements for
                 building various rubies. Usually run by install.
mount       :: Install rubies from external locations.

user        :: Tools for managing RVM mixed mode in multiuser installations.
group       :: Tools for managing groups in multiuser installations.

== Implementation

*ruby*     :: MRI/YARV Ruby (The Gold Standard) {1.8.x, 1.9.x, 2.0.x, 2.1.x, 2.2.x}
jruby      :: JRuby, Ruby interpreter on the Java Virtual Machine.
rbx        :: Rubinius
ree        :: Ruby Enterprise Edition, MRI Ruby with several custom
              patches for performance, stability, and memory.
macruby    :: MacRuby, insanely fast, can make real apps (Mac OS X Only).
maglev     :: GemStone Ruby, awesome persistent ruby object store.
ironruby   :: IronRuby, NOT supported yet. Looking for volunteers to help.
system     :: use the system ruby (eg. pre-rvm state)
default    :: use the default ruby (or the system ruby if a default hasn't been set).

              https://rvm.io/rubies/default/

== Resources:

https://rvm.io/
https://www.pivotaltracker.com/projects/26822

== Contributions:

Any and all contributions offered in any form, past present or future, to the
RVM project are understood to be in complete agreement and acceptance with the
Apache License v2.0.

== LICENSE:

Copyright (c) 2009-2011 Wayne E. Seguin
Copyright (c) 2011-2016 Michal Papis

Licensed under the Apache License, Version 2.0 (the "License");
you may not use this file except in compliance with the License.
You may obtain a copy of the License at

http://www.apache.org/licenses/LICENSE-2.0

Unless required by applicable law or agreed to in writing, software
distributed under the License is distributed on an "AS IS" BASIS,
WITHOUT WARRANTIES OR CONDITIONS OF ANY KIND, either express or implied.
See the License for the specific language governing permissions and
limitations under the License.

  Action documentation available with 'rvm help action-name':

      alias autolibs cleanup config-get cron current debug disk-usage do docs fetch fix-permissions gemdir gemset gemset/copy get group implode info install list migrate mount notes osx-ssl-certs patchset pkg prepare reinstall remove repair requirements reset rubygems rvmrc rvmrc/to rvmrc/warning snapshot srcdir tools uninstall upgrade use user wrapper 

  Other topics of documentation available with 'rvm help topic':

      alt color upgrade-notes 
  

  For additional information please visit RVM's documentation website:

      https://rvm.io/

  If you still cannot find an answer to your question, find
  'wayneeseguin', 'mpapis', 'richo', 'lemoinem' or 'rys' in #rvm on irc.freenode.net:

      http://webchat.freenode.net/?channels=rvm
  
shilpen@shilpen-All-Series:~/workspace/bosh-lite$ rvm info

ruby-2.3.0:

  system:
    uname:       "Linux shilpen-All-Series 4.4.0-45-generic #66-Ubuntu SMP Wed Oct 19 14:12:37 UTC 2016 x86_64 x86_64 x86_64 GNU/Linux"
    system:      "ubuntu/16.04/x86_64"
    bash:        "/bin/bash => GNU bash, version 4.3.46(1)-release (x86_64-pc-linux-gnu)"
    zsh:         " => not installed"

  rvm:
    version:      "rvm 1.27.0 (latest) by Wayne E. Seguin <wayneeseguin@gmail.com>, Michal Papis <mpapis@gmail.com> [https://rvm.io/]"
    updated:      "2 days 5 hours 58 minutes 48 seconds ago"
    path:         "/home/shilpen/.rvm"

  ruby:
    interpreter:  "ruby"
    version:      "2.3.0p0"
    date:         "2015-12-25"
    platform:     "x86_64-linux"
    patchlevel:   "2015-12-25 revision 53290"
    full_version: "ruby 2.3.0p0 (2015-12-25 revision 53290) [x86_64-linux]"

  homes:
    gem:          "/home/shilpen/.rvm/gems/ruby-2.3.0"
    ruby:         "/home/shilpen/.rvm/rubies/ruby-2.3.0"

  binaries:
    ruby:         "/home/shilpen/.rvm/rubies/ruby-2.3.0/bin/ruby"
    irb:          "/home/shilpen/.rvm/rubies/ruby-2.3.0/bin/irb"
    gem:          "/home/shilpen/.rvm/rubies/ruby-2.3.0/bin/gem"
    rake:         "/home/shilpen/.rvm/rubies/ruby-2.3.0/bin/rake"

  environment:
    PATH:         "/home/shilpen/.rvm/gems/ruby-2.3.0/bin:/home/shilpen/.rvm/gems/ruby-2.3.0@global/bin:/home/shilpen/.rvm/rubies/ruby-2.3.0/bin:/usr/local/sbin:/usr/local/bin:/usr/sbin:/usr/bin:/sbin:/bin:/usr/games:/usr/local/games:/snap/bin:/home/shilpen/.rvm/bin:/home/shilpen/.rvm/bin:/home/shilpen/.go/bin"
    GEM_HOME:     "/home/shilpen/.rvm/gems/ruby-2.3.0"
    GEM_PATH:     "/home/shilpen/.rvm/gems/ruby-2.3.0:/home/shilpen/.rvm/gems/ruby-2.3.0@global"
    MY_RUBY_HOME: "/home/shilpen/.rvm/rubies/ruby-2.3.0"
    IRBRC:        "/home/shilpen/.rvm/rubies/ruby-2.3.0/.irbrc"
    RUBYOPT:      ""
    gemset:       ""


shilpen@shilpen-All-Series:~/workspace/bosh-lite$ rvm list known
# MRI Rubies
[ruby-]1.8.6[-p420]
[ruby-]1.8.7[-head] # security released on head
[ruby-]1.9.1[-p431]
[ruby-]1.9.2[-p330]
[ruby-]1.9.3[-p551]
[ruby-]2.0.0[-p648]
[ruby-]2.1[.8]
[ruby-]2.2[.4]
[ruby-]2.3[.0]
[ruby-]2.2-head
ruby-head

# for forks use: rvm install ruby-head-<name> --url https://github.com/github/ruby.git --branch 2.2

# JRuby
jruby-1.6[.8]
jruby-1.7[.23]
jruby[-9.0.5.0]
jruby-head

# Rubinius
rbx-1[.4.3]
rbx-2.3[.0]
rbx-2.4[.1]
rbx[-2.5.8]
rbx-head

# Opal
opal

# Minimalistic ruby implementation - ISO 30170:2012
mruby[-head]

# Ruby Enterprise Edition
ree-1.8.6
ree[-1.8.7][-2012.02]

# GoRuby
goruby

# Topaz
topaz

# MagLev
maglev[-head]
maglev-1.0.0

# Mac OS X Snow Leopard Or Newer
macruby-0.10
macruby-0.11
macruby[-0.12]
macruby-nightly
macruby-head

# IronRuby
ironruby[-1.1.3]
ironruby-head
shilpen@shilpen-All-Series:~/workspace/bosh-lite$ rvm use 2.3.0

RVM is not a function, selecting rubies with 'rvm use ...' will not work.

You need to change your terminal emulator preferences to allow login shell.
Sometimes it is required to use `/bin/bash --login` as the command.
Please visit https://rvm.io/integration/gnome-terminal/ for an example.

shilpen@shilpen-All-Series:~/workspace/bosh-lite$ cd ..
shilpen@shilpen-All-Series:~/workspace$ ls
bosh-lite  HelloWorld  MongoWork  RobotMaze
shilpen@shilpen-All-Series:~/workspace$ cd ..
shilpen@shilpen-All-Series:~$ ls
Desktop                                            Public
Documents                                          spiff
examples.desktop                                   Templates
mongodb-mms-monitoring-agent_2.1.0.35-1_amd64.deb  Ubuntu One
Music                                              Videos
notes-bosh.txt                                     VirtualBox VMs
Pictures                                           workspace
shilpen@shilpen-All-Series:~$ cd .rmv
bash: cd: .rmv: No such file or directory
shilpen@shilpen-All-Series:~$ cd ./rvm
bash: cd: ./rvm: No such file or directory
shilpen@shilpen-All-Series:~$ cd .rvm
shilpen@shilpen-All-Series:~/.rvm$ ls
archives  docs          gems     installed.at  man        RELEASE  tmp
bin       environments  gemsets  lib           patches    rubies   user
config    examples      help     LICENSE       patchsets  scripts  VERSION
contrib   gem-cache     hooks    log           README     src      wrappers
shilpen@shilpen-All-Series:~/.rvm$ rvm use 2.3.0

RVM is not a function, selecting rubies with 'rvm use ...' will not work.

You need to change your terminal emulator preferences to allow login shell.
Sometimes it is required to use `/bin/bash --login` as the command.
Please visit https://rvm.io/integration/gnome-terminal/ for an example.

shilpen@shilpen-All-Series:~/.rvm$ rvm use ruby-2.3.0

RVM is not a function, selecting rubies with 'rvm use ...' will not work.

You need to change your terminal emulator preferences to allow login shell.
Sometimes it is required to use `/bin/bash --login` as the command.
Please visit https://rvm.io/integration/gnome-terminal/ for an example.

shilpen@shilpen-All-Series:~/.rvm$ rvm list known
# MRI Rubies
[ruby-]1.8.6[-p420]
[ruby-]1.8.7[-head] # security released on head
[ruby-]1.9.1[-p431]
[ruby-]1.9.2[-p330]
[ruby-]1.9.3[-p551]
[ruby-]2.0.0[-p648]
[ruby-]2.1[.8]
[ruby-]2.2[.4]
[ruby-]2.3[.0]
[ruby-]2.2-head
ruby-head

# for forks use: rvm install ruby-head-<name> --url https://github.com/github/ruby.git --branch 2.2

# JRuby
jruby-1.6[.8]
jruby-1.7[.23]
jruby[-9.0.5.0]
jruby-head

# Rubinius
rbx-1[.4.3]
rbx-2.3[.0]
rbx-2.4[.1]
rbx[-2.5.8]
rbx-head

# Opal
opal

# Minimalistic ruby implementation - ISO 30170:2012
mruby[-head]

# Ruby Enterprise Edition
ree-1.8.6
ree[-1.8.7][-2012.02]

# GoRuby
goruby

# Topaz
topaz

# MagLev
maglev[-head]
maglev-1.0.0

# Mac OS X Snow Leopard Or Newer
macruby-0.10
macruby-0.11
macruby[-0.12]
macruby-nightly
macruby-head

# IronRuby
ironruby[-1.1.3]
ironruby-head
shilpen@shilpen-All-Series:~/.rvm$ cd..
cd..: command not found
shilpen@shilpen-All-Series:~/.rvm$ cd 
shilpen@shilpen-All-Series:~$ rvm install 2.3.0
Already installed ruby-2.3.0.
To reinstall use:

    rvm reinstall ruby-2.3.0

shilpen@shilpen-All-Series:~$ rvm us 2.3.0
Unrecognized command line argument: 'us' ( see: 'rvm usage' )
shilpen@shilpen-All-Series:~$ rvm use 2.3.0

RVM is not a function, selecting rubies with 'rvm use ...' will not work.

You need to change your terminal emulator preferences to allow login shell.
Sometimes it is required to use `/bin/bash --login` as the command.
Please visit https://rvm.io/integration/gnome-terminal/ for an example.

shilpen@shilpen-All-Series:~$ bash
shilpen@shilpen-All-Series:~$ rvm use 2.3.0

RVM is not a function, selecting rubies with 'rvm use ...' will not work.

You need to change your terminal emulator preferences to allow login shell.
Sometimes it is required to use `/bin/bash --login` as the command.
Please visit https://rvm.io/integration/gnome-terminal/ for an example.

shilpen@shilpen-All-Series:~$ /bin/bash --login
shilpen@shilpen-All-Series:~$ `/bin/bash --login`
shilpen@shilpen-All-Series:~$ rvm use 2.3.0
Warning! PATH is not properly set up, '/home/shilpen/.rvm/gems/ruby-2.3.0/bin' is not at first place,
         usually this is caused by shell initialization files - check them for 'PATH=...' entries,
         it might also help to re-add RVM to your dotfiles: 'rvm get stable --auto-dotfiles',
         to fix temporarily in this shell session run: 'rvm use ruby-2.3.0'.
shilpen@shilpen-All-Series:~$ rvm get stable --auto-dotfiles'
> 
> 
> 
> ^C
shilpen@shilpen-All-Series:~$ rvm get stable --auto-dotfiles
gpg: Signature made Thu 21 Jan 2016 19:38:21 GMT using RSA key ID BF04FF17
gpg: Good signature from "Michal Papis (RVM signing) <mpapis@gmail.com>" [unknown]
gpg: WARNING: This key is not certified with a trusted signature!
gpg:          There is no indication that the signature belongs to the owner.
Primary key fingerprint: 409B 6B17 96C2 7546 2A17  0311 3804 BB82 D39D C0E3
     Subkey fingerprint: 62C9 E5F4 DA30 0D94 AC36  166B E206 C29F BF04 FF17
gpg: Signature made Tue 29 Mar 2016 14:49:47 BST using RSA key ID BF04FF17
gpg: Good signature from "Michal Papis (RVM signing) <mpapis@gmail.com>" [unknown]
gpg: WARNING: This key is not certified with a trusted signature!
gpg:          There is no indication that the signature belongs to the owner.
Primary key fingerprint: 409B 6B17 96C2 7546 2A17  0311 3804 BB82 D39D C0E3
     Subkey fingerprint: 62C9 E5F4 DA30 0D94 AC36  166B E206 C29F BF04 FF17
In case of problems: https://rvm.io/help and https://twitter.com/rvm_io
  * No new notes to display.

shilpen@shilpen-All-Series:~$ rvm use ruby-2.3.0
shilpen@shilpen-All-Series:~$ which ruby
shilpen@shilpen-All-Series:~$ which ruby
shilpen@shilpen-All-Series:~$ 
shilpen@shilpen-All-Series:~$ 
shilpen@shilpen-All-Series:~$ 
shilpen@shilpen-All-Series:~$ 
shilpen@shilpen-All-Series:~$ exit
logout
bash: Using: No such file or directory
shilpen@shilpen-All-Series:~$ ls
Desktop                                            Public
Documents                                          spiff
examples.desktop                                   Templates
mongodb-mms-monitoring-agent_2.1.0.35-1_amd64.deb  Ubuntu One
Music                                              Videos
notes-bosh.txt                                     VirtualBox VMs
Pictures                                           workspace
shilpen@shilpen-All-Series:~$ which ruby
/home/shilpen/.rvm/rubies/ruby-2.3.0/bin/ruby
shilpen@shilpen-All-Series:~$ vagrant --version
Vagrant 1.8.1
shilpen@shilpen-All-Series:~$ cd /workspace
bash: cd: /workspace: No such file or directory
shilpen@shilpen-All-Series:~$ ls
Desktop                                            Public
Documents                                          spiff
examples.desktop                                   Templates
mongodb-mms-monitoring-agent_2.1.0.35-1_amd64.deb  Ubuntu One
Music                                              Videos
notes-bosh.txt                                     VirtualBox VMs
Pictures                                           workspace
shilpen@shilpen-All-Series:~$ cd workspace
shilpen@shilpen-All-Series:~/workspace$ ls
bosh-lite  HelloWorld  MongoWork  RobotMaze
shilpen@shilpen-All-Series:~/workspace$ cd bosh-lite/
shilpen@shilpen-All-Series:~/workspace/bosh-lite$ VBoxManage --version
5.0.24_Ubuntur108355
shilpen@shilpen-All-Series:~/workspace/bosh-lite$ ls
bin  ca  cf-release  ci  docs  LICENSE  packer  README.md  Vagrantfile
shilpen@shilpen-All-Series:~/workspace/bosh-lite$ view Vagrantfile
shilpen@shilpen-All-Series:~/workspace/bosh-lite$ vagrant up --provider=virtualbox
Bringing machine 'default' up with 'virtualbox' provider...
==> default: Checking if box 'cloudfoundry/bosh-lite' is up to date...
==> default: Clearing any previously set forwarded ports...
==> default: Clearing any previously set network interfaces...
==> default: Preparing network interfaces based on configuration...
    default: Adapter 1: nat
    default: Adapter 2: hostonly
==> default: Forwarding ports...
    default: 22 (guest) => 2222 (host) (adapter 1)
==> default: Running 'pre-boot' VM customizations...
==> default: Booting VM...
==> default: Waiting for machine to boot. This may take a few minutes...
    default: SSH address: 127.0.0.1:2222
    default: SSH username: vagrant
    default: SSH auth method: private key
==> default: Machine booted and ready!
==> default: Checking for guest additions in VM...
==> default: Setting hostname...
==> default: Configuring and enabling network interfaces...
==> default: Mounting shared folders...
    default: /vagrant => /home/shilpen/workspace/bosh-lite
==> default: Machine already provisioned. Run `vagrant provision` or use the `--provision`
==> default: flag to force provisioning. Provisioners marked to run always will still run.
shilpen@shilpen-All-Series:~/workspace/bosh-lite$ bosh target 192.168.50.4 lite
Target set to 'Bosh Lite Director'
shilpen@shilpen-All-Series:~/workspace/bosh-lite$ bin/add-route
+ old_ips=10.244.0.0/19
+ ips=10.244.0.0/16
+ gw=192.168.50.4
+ echo 'Adding the following route entry to your local route table to enable direct container access: 10.244.0.0/16 via 192.168.50.4. Your sudo password may be required.'
++ uname
+ '[' Linux = Darwin ']'
++ uname
+ '[' Linux = Linux ']'
+ type route
+ sudo route del -net 10.244.0.0/19 gw 192.168.50.4
[sudo] password for shilpen: 
SIOCDELRT: No such process
+ sudo route add -net 10.244.0.0/16 gw 192.168.50.4
shilpen@shilpen-All-Series:~/workspace/bosh-lite$ bosh target
Current target is https://192.168.50.4:25555 (Bosh Lite Director)
shilpen@shilpen-All-Series:~/workspace/bosh-lite$ bosh target ^C
shilpen@shilpen-All-Series:~/workspace/bosh-lite$ bosh target https://192.168.50.4:25555
Target set to 'Bosh Lite Director'
shilpen@shilpen-All-Series:~/workspace/bosh-lite$ cd cf-release/
shilpen@shilpen-All-Series:~/workspace/bosh-lite/cf-release$ ls
config           docs               Gemfile       githooks  LICENSE  packages   releases  spec  templates
CONTRIBUTING.md  example_manifests  Gemfile.lock  jobs      NOTICE   README.md  scripts   src
shilpen@shilpen-All-Series:~/workspace/bosh-lite/cf-release$ ls -lrth
total 284K
-rw-rw-r--  1 shilpen shilpen 2.2K Oct 23 17:34 Gemfile.lock
-rw-rw-r--  1 shilpen shilpen  176 Oct 23 17:34 Gemfile
-rw-rw-r--  1 shilpen shilpen 3.4K Oct 23 17:34 CONTRIBUTING.md
-rw-rw-r--  1 shilpen shilpen 8.2K Oct 23 17:34 README.md
drwxrwxr-x 13 shilpen shilpen 4.0K Oct 23 17:34 packages
-rw-rw-r--  1 shilpen shilpen  467 Oct 23 17:34 NOTICE
-rw-rw-r--  1 shilpen shilpen 210K Oct 23 17:34 LICENSE
drwxrwxr-x  6 shilpen shilpen 4.0K Oct 23 17:34 jobs
drwxrwxr-x  3 shilpen shilpen 4.0K Oct 23 17:34 githooks
drwxrwxr-x  2 shilpen shilpen 4.0K Oct 23 17:34 example_manifests
drwxrwxr-x  2 shilpen shilpen 4.0K Oct 23 17:34 docs
drwxrwxr-x  2 shilpen shilpen 4.0K Oct 23 17:34 config
drwxrwxr-x  2 shilpen shilpen 4.0K Oct 23 17:34 templates
drwxrwxr-x 25 shilpen shilpen 4.0K Oct 23 17:34 src
drwxrwxr-x  4 shilpen shilpen 4.0K Oct 23 17:34 spec
drwxrwxr-x  2 shilpen shilpen 4.0K Oct 23 17:34 scripts
drwxrwxr-x  2 shilpen shilpen 4.0K Oct 23 17:34 releases
shilpen@shilpen-All-Series:~/workspace/bosh-lite/cf-release$ which bundler
/home/shilpen/.rvm/gems/ruby-2.3.0/bin/bundler
shilpen@shilpen-All-Series:~/workspace/bosh-lite/cf-release$ ./scripts/generate-bosh-lite-dev-manifest
Deployment set to '/home/shilpen/workspace/bosh-lite/cf-release/bosh-lite/deployments/cf.yml'
shilpen@shilpen-All-Series:~/workspace/bosh-lite/cf-release$ view /home/shilpen/workspace/bosh-lite/cf-release/bosh-lite/deployments/cf.yml
shilpen@shilpen-All-Series:~/workspace/bosh-lite/cf-release$ ^C
shilpen@shilpen-All-Series:~/workspace/bosh-lite/cf-release$ bosh upload stemcell ~/Documents/Downloads/bosh-stemcell-3262.2-warden-boshlite-ubuntu-trusty-go_agent.tgz
Acting as user 'admin' on 'Bosh Lite Director'

Verifying stemcell...
File exists and readable                                     OK
Verifying tarball...
Read tarball                                                 OK
Manifest exists                                              OK
Stemcell image file                                          OK
Stemcell properties                                          OK

Stemcell info
-------------
Name:    bosh-warden-boshlite-ubuntu-trusty-go_agent
Version: 3262.2

Checking if stemcell already exists...
No

Uploading stemcell...

bosh-stemcell:  96% |oooooooooooooooooooooooooooooooooooooooooooooooooooooooooooooo   | 450.9MB  51.0MB/s ETA:  00:00:00
Director task 1
  Started update stemcell
  Started update stemcell > Extracting stemcell archive. Done (00:00:03)
  Started update stemcell > Verifying stemcell manifest. Done (00:00:00)
  Started update stemcell > Checking if this stemcell already exists. Done (00:00:00)
  Started update stemcell > Uploading stemcell bosh-warden-boshlite-ubuntu-trusty-go_agent/3262.2 to the cloud. Done (00:00:19)
  Started update stemcell > Save stemcell bosh-warden-boshlite-ubuntu-trusty-go_agent/3262.2 (21e30358-7804-4840-4221-e83eff5cc46b). Done (00:00:02)
     Done update stemcell (00:00:24)

Task 1 done

Started		2016-10-25 21:35:33 UTC
Finished	2016-10-25 21:35:57 UTC
Duration	00:00:24
bosh-stemcell:  96% |oooooooooooooooooooooooooooooooooooooooooooooooooooooooooooooo   | 452.0MB  12.9MB/s Time: 00:00:35

Stemcell uploaded and created.
shilpen@shilpen-All-Series:~/workspace/bosh-lite/cf-release$ ls
bosh-lite  CONTRIBUTING.md  example_manifests  Gemfile.lock  jobs     NOTICE    README.md  scripts  src
config     docs             Gemfile            githooks      LICENSE  packages  releases   spec     templates
shilpen@shilpen-All-Series:~/workspace/bosh-lite/cf-release$ cd release
bash: cd: release: No such file or directory
shilpen@shilpen-All-Series:~/workspace/bosh-lite/cf-release$ cd releases
shilpen@shilpen-All-Series:~/workspace/bosh-lite/cf-release/releases$ ls
cf          cf-146.yml  cf-157.yml  cf-170.yml  cf-183.yml  cf-196.yml  cf-207.yml  cf-219.yml  cf-230.yml  cf-241.yml
cf-136.yml  cf-147.yml  cf-158.yml  cf-171.yml  cf-186.yml  cf-197.yml  cf-208.yml  cf-220.yml  cf-231.yml  cf-242.yml
cf-137.yml  cf-148.yml  cf-159.yml  cf-172.yml  cf-187.yml  cf-198.yml  cf-209.yml  cf-221.yml  cf-232.yml  cf-243.yml
cf-138.yml  cf-149.yml  cf-160.yml  cf-173.yml  cf-188.yml  cf-199.yml  cf-210.yml  cf-222.yml  cf-233.yml  cf-244.yml
cf-139.yml  cf-150.yml  cf-161.yml  cf-175.yml  cf-189.yml  cf-200.yml  cf-211.yml  cf-223.yml  cf-234.yml  cf-245.yml
cf-140.yml  cf-151.yml  cf-163.yml  cf-176.yml  cf-190.yml  cf-201.yml  cf-212.yml  cf-224.yml  cf-235.yml  index.yml
cf-141.yml  cf-152.yml  cf-164.yml  cf-177.yml  cf-191.yml  cf-202.yml  cf-213.yml  cf-225.yml  cf-236.yml
cf-142.yml  cf-153.yml  cf-165.yml  cf-178.yml  cf-192.yml  cf-203.yml  cf-214.yml  cf-226.yml  cf-237.yml
cf-143.yml  cf-154.yml  cf-166.yml  cf-179.yml  cf-193.yml  cf-204.yml  cf-215.yml  cf-227.yml  cf-238.yml
cf-144.yml  cf-155.yml  cf-168.yml  cf-180.yml  cf-194.yml  cf-205.yml  cf-217.yml  cf-228.yml  cf-239.yml
cf-145.yml  cf-156.yml  cf-169.yml  cf-182.yml  cf-195.yml  cf-206.yml  cf-218.yml  cf-229.yml  cf-240.yml
shilpen@shilpen-All-Series:~/workspace/bosh-lite/cf-release/releases$ cd ..
shilpen@shilpen-All-Series:~/workspace/bosh-lite/cf-release$ bosh create release
Syncing blobs...
debian_nfs_server/nfs-kernel-server_1%3a1... downloaded
uaa/cloudfoundry-identity-varz-1.0.2.war downloaded
nginx/nginx-upload-module-2.2.tar.gz downloaded
uaa/newrelic.jar downloaded
haproxy/haproxy-1.5.14.tar.gz downloaded
uaa/cloudfoundry-identity-statsd-1.0.0.wa... downloaded
ruby-2.1.8/bundler-1.9.4.gem downloaded
ruby-2.1.8/ruby-2.1.8.tar.gz downloaded
ruby-2.1.8/yaml-0.1.6.tar.gz downloaded
libmariadb/libmariadb-5.5.36.tar.xz downloaded
nginx/newrelic_nginx_agent-1.2.1.tar.gz downloaded
ruby-2.2.5/ruby-2.2.5.tar.gz downloaded
ruby-2.2.5/bundler-1.11.2.gem downloaded
ruby-2.2.5/yaml-0.1.6.tar.gz downloaded
ruby-2.3/bundler-1.11.2.gem downloaded
ruby-2.3/ruby-2.3.1.tar.gz downloaded
ruby-2.3/rubygems-2.6.4.tgz downloaded
consul/consul-template_0.14.0_linux_amd64... downloaded
nginx/nginx-1.11.1.tar.gz downloaded
nginx/headers-more-nginx-module-0.30.tar.... downloaded
nginx/pcre-8.39.tar.gz downloaded
golang/go1.6.3.linux-amd64.tar.gz downloaded
postgres/postgresql-9.4.9.tar.gz downloaded
openjdk/openjdk-1.8.0_101-x86_64-trusty.t... downloaded
openjdk/openjdk-1.8.0_101-x86_64-mountain... downloaded
uaa/apache-tomcat-8.0.36.tar.gz downloaded
golang/go1.7.linux-amd64.tar.gz downloaded
cli/cf-cli_6.21.1_linux_x86-64.tgz downloaded
java-buildpack/java-buildpack-v3.9.zip downloaded
java-buildpack/java-buildpack-offline-v3.... downloaded
go-buildpack/go_buildpack-cached-v1.7.13.... downloaded
python-buildpack/python_buildpack-cached-... downloaded
php-buildpack/php_buildpack-cached-v4.3.2... downloaded
staticfile-buildpack/staticfile_buildpack... downloaded
binary-buildpack/binary_buildpack-cached-... downloaded
golang/go1.7.windows-amd64.zip downloaded
consul/consul_0.7.0_linux_amd64.zip downloaded
ruby-buildpack/ruby_buildpack-cached-v1.6... downloaded
nodejs-buildpack/nodejs_buildpack-cached-... downloaded
haproxy/pcre-8.39.tar.gz downloaded
rootfs/cflinuxfs2-1.86.0.tar.gz downloaded
Please enter development release name: |cf| 

Building DEV release
---------------------------------
Release artifact cache: /home/shilpen/.bosh/cache

Building license
----------------
Building license...
  Using final version '861d82c0d9745784acfcd026ccf44e942579824a'
  Downloading from blobstore (id=d2cb714c-d668-45bc-8cf8-899c215d5b8d)...


Building packages
-----------------
Building statsd-injector...
  Using final version '32056a79ed2528b5f307deb6af137a12242bb35a'
  Downloading from blobstore (id=30067b6b-40cc-49ee-85c9-eef1a046d1ca)...

Building golang1.7...
  Using final version '48ce7b3927e6f7e6576fff21a7dc9d22b7ba9c62'
  Downloading from blobstore (id=1c99f89d-8292-43e7-a0ce-93d91d587afe)...

Building python-buildpack...
  Using final version '74ea078a8e7084f686cc9c0b16316003cf214890'
  Downloading from blobstore (id=073e5838-b07d-4c75-a014-7c466db4c329)...

Building nsync...
  Using final version '8340a6b191c0702c5efad712f4a96b6f6e371df5'
  Downloading from blobstore (id=72e34b1c-1b52-4eb8-a19a-0edf386b6f32)...

Building nats-common...
  Using final version '1f712a21c0b1cbb3b547eccc79eb159aaee48b99'
  Downloading from blobstore (id=1aec5d94-efd4-4546-a2b3-296b6cd788d0)...

Building nats...
  Using final version '9da10677048bd8c1237ae5f14ffe6be34ad16def'
  Downloading from blobstore (id=9dea29fb-2704-49f0-93d9-4cb06f325af8)...

Building ruby-2.3...
  Using final version 'debd726c1edb8dea8654bb3c46539a4ee75bff75'
  Downloading from blobstore (id=f3aa3bf3-bb03-4285-bb47-5ccc22d84b24)...

Building cli...
  Using final version '60a741596e7fc803f45c9628364b21d1b247550b'
  Downloading from blobstore (id=de1df16e-6842-4f6c-830d-6f5efe280c11)...

Building uaa_utils...
  Using final version '20557445bf996af17995a5f13bf5f87000600f2e'
  Downloading from blobstore (id=7d6eb477-e82d-4075-a825-bde8c33470fb)...

Building postgres-9.4.9...
  Using final version '8a20abd4ccec4d356cc29169d38be561d99bc1ff'
  Downloading from blobstore (id=579dee4c-0a47-49f0-afc6-71b80c9988b9)...

Building dea_next...
  No artifact found for dea_next
  Generating...
  Pre-packaging...
  Generated version 'a04b381f4a37174b61681601cd04180c16c4874d'

Building hm9000...
  Using final version '7e2701aa5baa845503db0800ffc6f30e7bf90c38'
  Downloading from blobstore (id=6bfc3d94-685b-48eb-bf88-5594da063e52)...

Building cloud_controller_ng...
  Using final version '8c1ec2491124e0bcde0a5f0d268ff02a4b1e722b'
  Downloading from blobstore (id=37c8c0a0-f7fe-44d3-9809-435887e1a745)...

Building postgres-common...
  Using final version '368d38d49a3cc717559ebcdb2390b68882a85053'
  Downloading from blobstore (id=06dde2b1-987e-49ac-918f-d76b85e37a16)...

Building nginx_webdav...
  Using final version 'ee1d48cbce7f78f1395b12837a500c11e5066fa7'
  Downloading from blobstore (id=dbbb4a51-b86a-4b85-928c-ad4c1dd2993e)...

Building stager...
  Using final version 'e14f9b90b2f10ea916e60766bc2131ed240cff35'
  Downloading from blobstore (id=1bd09556-29d7-481f-af72-7ec1cda25161)...

Building route_registrar...
  Using final version '0d3addc06d9d1244f55464033de5d64f1c30bdb7'
  Downloading from blobstore (id=70e352ed-63f3-41d6-924f-78beacbc434f)...

Building nginx_newrelic_plugin...
  Using final version '2de1c5ba9dec62be54c9ff4ed3b32a126463e0d8'
  Downloading from blobstore (id=526dd2d6-7272-4f81-9adb-8f4807b15d9e)...

Building metron_agent...
  Using final version 'c23eac93d8c8780326757d51f26b5ff17c223271'
  Downloading from blobstore (id=0f7882ae-e92c-424f-852a-afcae48264c4)...

Building doppler...
  Using final version 'e579418676bbd5d1c8b37b12df0c226a1b7156c2'
  Downloading from blobstore (id=f7e2b51a-f4a2-48c0-8480-c818a13c9be1)...

Building etcd-consistency-checker...
  Using final version '3cf9e965c6a4d31ff80ac7cc15f06bfabce90601'
  Downloading from blobstore (id=1f00ac5f-686e-42f3-ab72-c5a8337f4551)...

Building common...
  Using final version '0575b134322262f5213542d0db755f686c3994fd'
  Downloading from blobstore (id=70ce110b-844e-4e4d-b8bd-8c9e7b8dcfad)...

Building consul...
  Using final version 'c114e20968d91e1095d4d3282265cc65ad98d9c6'
  Downloading from blobstore (id=5b8f8bd0-cdbd-4494-9037-ed78c73b2f0f)...

Building nodejs-buildpack...
  Using final version '92f3cdffbd04fb6e7cab22fb118c367d5a317f5e'
  Downloading from blobstore (id=cc211c66-4af1-45f7-9729-64961027b156)...

Building blobstore_url_signer...
  No artifact found for blobstore_url_signer
  Generating...
  Generated version 'f16ce779b8f82ac533ad4ebb13e05bf99077d5f7'

Building uaa...
  No artifact found for uaa
  Generating...
  Pre-packaging...
  Generated version 'f52080a83eece847ad7e20a4d6d970d9dff037f7'

Building go-buildpack...
  Using final version 'a5b00102be424bff50b40929d134a61b147b7dd2'
  Downloading from blobstore (id=2f185fe1-29fb-4988-9e51-35c9a69a62e6)...

Building haproxy...
  Using final version 'f061c9f4854fab702991cf42653b9b09d711c9c1'
  Downloading from blobstore (id=493c6f16-4078-48a1-b496-32d45616f9b9)...

Building php-buildpack...
  Using final version '98c3c2392038d8b1b06a1c071425e2a4abf282e4'
  Downloading from blobstore (id=d021e741-1ae9-4ae2-83b9-754a170f27a2)...

Building golang1.6...
  Using final version '5dd4024894667ba7f647b883bbff25c04960e5c1'
  Downloading from blobstore (id=008a4640-9dbc-4097-a845-54529e7e7ed4)...

Building smoke-tests...
  Using final version '47e703e4beeceb83691e6472644486980854a26a'
  Downloading from blobstore (id=a686b57e-bdd2-4bf9-9f38-9f78b13ffaf4)...

Building ruby-2.1.8...
  Using final version '0a758a4dc3408937b64f89aaa39f8ee25cce5454'
  Downloading from blobstore (id=08c2394f-d172-47d8-a609-3f56ce1c5abc)...

Building debian_nfs_server...
  Using final version 'aac05f22582b2f9faa6840da056084ed15772594'
  Downloading from blobstore (id=7020718a-bb8c-4895-9c28-ee7eb8ee7113)...

Building tps...
  Using final version 'e19239db58fb91edb5f670e24ef793d266fd6544'
  Downloading from blobstore (id=de31b20f-9206-408e-ae47-20b19512cd37)...

Building rootfs_cflinuxfs2...
  Using final version '0f191d74bad1c8d5a731bfd6f4fe2a9d6df26b42'
  Downloading from blobstore (id=f801ea8a-be21-4c1f-afce-1ab95900bc90)...

Building gorouter...
  Using final version 'f62660d68c69d62589b5a35f0b0ccf113495c0ee'
  Downloading from blobstore (id=cf013dc1-3d97-4e2f-a8df-5e7164de24fa)...

Building collector...
  Using final version '9f8dfbcbcfffb124820327ad2ad4fee35e51d236'
  Downloading from blobstore (id=fe606b04-a674-4ecb-87a5-70ebece6041b)...

Building ruby-buildpack...
  Using final version '4c7c98da755f37ce688ceb8c851ec2681ab16471'
  Downloading from blobstore (id=405c4e21-4e1e-45fa-aae2-a7ccc0ecc59b)...

Building etcd-dns-checker...
  Using final version '9676918944de93dd773b706cc7ecc68073492372'
  Downloading from blobstore (id=e4b904de-c4c2-4dc0-9a21-3558c8d5bda5)...

Building buildpack_java...
  Using final version '1ade0d537179179833411f7497fde535fa7e1600'
  Downloading from blobstore (id=c528f73c-9940-4d99-8139-e632e0479c9b)...

Building etcd...
  No artifact found for etcd
  Generating...
  Generated version '1fc907ba4fba3b6e0f59606dfa36108cf505abb4'

Building loggregator_trafficcontroller...
  Using final version '07cfc642ce53b757856fcae45793d92cc4175afa'
  Downloading from blobstore (id=ca1885b3-1793-4d3c-b325-ab9406dc4c9f)...

Building loggregator_common...
  Using final version '0fce24a169a51b745965d683f436121c2086c9bd'
  Downloading from blobstore (id=fcb18b0a-7200-44fa-949d-fa3f6db9e581)...

Building warden...
  Using final version '7c3205a9b0a66ed816b1d2bd335139c888abb5c0'
  Downloading from blobstore (id=5285c135-514c-495c-83f8-5ee4be6322ca)...

Building libpq...
  Using final version '7e51aa75bcabc47002eccc38be269de63fc6df7d'
  Downloading from blobstore (id=34d84d10-5b67-46e3-9022-76e16aec14e0)...

Building capi_utils...
  Using final version 'f0746a954b2d4ab7bf905b8bc742584801e21357'
  Downloading from blobstore (id=78a9d0f8-372b-4085-a95d-6061e7366aeb)...

Building acceptance-tests...
  No artifact found for acceptance-tests
  Generating...
  Generated version '920ace242a18d2bb69c00e26017ada6bb6be0d1e'

Building libmariadb...
  Using final version '90d7836132e02bb570d91f08c9e116c394888d75'
  Downloading from blobstore (id=238c685c-8c6b-41d1-b22d-32573ca86e17)...

Building nginx...
  Using final version 'b7c8aadb18d53f81a7455e447c5941313872b81d'
  Downloading from blobstore (id=270aa20a-9a43-4121-987d-0e37add75aa6)...

Building golang1.7-windows...
  Using final version 'b179e460d5d151def77ad8cb43c4043736bba984'
  Downloading from blobstore (id=ba600b43-38e4-4f4c-b824-6d821609e701)...

Building gnatsd...
  Using final version '81f9a5debd447ad76ad55cae5b558a3a9a1dd1e1'
  Downloading from blobstore (id=13d9a24f-f686-426c-b9ef-8dd8098648af)...

Building syslog_drain_binder...
  Using final version 'a7ef8a45870b35b2b5d90d947b5441e02ccef02c'
  Downloading from blobstore (id=9ca1bfcc-a124-4b9f-a2df-207f30dfefa0)...

Building metron_agent_windows...
  Using final version '557e7ddc6c316edd66fb325e2565763411ca48d2'
  Downloading from blobstore (id=cabe6492-218f-4e0f-894d-38f179d2a18a)...

Building staticfile-buildpack...
  Using final version 'bcc484648d025e0570ccb9da6fe6a402ac68ffb0'
  Downloading from blobstore (id=9c439fb5-94ed-4e87-951c-5386f94ba2f7)...

Building etcd-common...
  Using final version '0f365b3a98184c2a6537efd51f67e8d5e9d2c486'
  Downloading from blobstore (id=b3504f84-3963-418d-93f0-34542687ca20)...

Building cc_uploader...
  Using final version '0719382143eaeea9fc4d9b6e94c890f821dc1799'
  Downloading from blobstore (id=2c8fb43f-c048-4899-bcae-01b22bd071d1)...

Building etcd_metrics_server...
  Using final version 'e498285a38c9d86eac759e40c05af6ea77fe9456'
  Downloading from blobstore (id=e7d1ec76-6d5d-4afc-8096-0575cf0a0cae)...

Building routing_utils...
  Using final version '91cf17318eb58c2a4840e7e4615453f6c78cee3c'
  Downloading from blobstore (id=6e7ea2a9-a80c-4645-9f81-170103415b86)...

Building confab...
  No artifact found for confab
  Generating...
  Generated version 'dd1d93d5d80f34203004a3a3439559a699211cf1'

Building dea_logging_agent...
  Using final version '6bb21f3a0fb68496973398568c26aae8bc4ee27a'
  Downloading from blobstore (id=585b7a98-b3d5-4842-b118-7b4e62eb17d8)...

Building buildpack_java_offline...
  Using final version '1ef9be52c71df0a41e956ec0abc64954de5faa27'
  Downloading from blobstore (id=2e755f6b-87fe-4a58-aa7b-75b5403be5e2)...

Building ruby-2.2.5...
  Using final version '1471d078219e7aee8cb9c0ab1aefabbec561bfa7'
  Downloading from blobstore (id=afb90ba9-0c50-4805-96aa-be6750725d3a)...

Building binary-buildpack...
  Using final version 'fa621a71b4134c3ffc628c63d4ed583a3e193c21'
  Downloading from blobstore (id=1bc1f4a7-46b9-4ae1-a246-10a0b32cf029)...


Resolving dependencies
----------------------
Dependencies resolved, correct build order is:
- binary-buildpack
- buildpack_java
- buildpack_java_offline
- capi_utils
- cli
- common
- consul
- debian_nfs_server
- etcd-common
- go-buildpack
- golang1.6
- golang1.7
- golang1.7-windows
- haproxy
- libmariadb
- libpq
- loggregator_common
- nats-common
- nginx
- nginx_webdav
- nodejs-buildpack
- php-buildpack
- postgres-9.4.9
- postgres-common
- python-buildpack
- rootfs_cflinuxfs2
- routing_utils
- ruby-2.1.8
- ruby-2.2.5
- ruby-2.3
- ruby-buildpack
- staticfile-buildpack
- uaa
- uaa_utils
- smoke-tests
- acceptance-tests
- blobstore_url_signer
- cc_uploader
- confab
- etcd
- etcd-consistency-checker
- etcd-dns-checker
- etcd_metrics_server
- gnatsd
- gorouter
- hm9000
- nsync
- route_registrar
- stager
- tps
- dea_logging_agent
- doppler
- loggregator_trafficcontroller
- metron_agent
- statsd-injector
- syslog_drain_binder
- metron_agent_windows
- collector
- nats
- cloud_controller_ng
- dea_next
- nginx_newrelic_plugin
- warden


Building jobs
-------------
Building statsd-injector...
  Using final version '7bb836cf603a4084493d1cc0bb5403b867c0dc15'
  Downloading from blobstore (id=ed48e8cb-2deb-4bb1-ade8-ca8eae770b5b)...

Building python-buildpack...
  Using final version 'c3ebd738c93c1dba9274c435022da84377f23639'
  Downloading from blobstore (id=90743e87-6885-4925-8866-a1a1aa9a1736)...

Building java-offline-buildpack...
  Using final version 'baba85203f19cb43788847dc5b06f4cb594e63fe'
  Downloading from blobstore (id=0c45eefa-f310-43aa-bd57-7850e59110d8)...

Building cloud_controller_worker...
  Using final version '2bf7b754bf937b31164ef821aa0396506e4761e2'
  Downloading from blobstore (id=5c9f511f-8aea-4f2b-8a88-93ff1222e37c)...

Building nsync...
  Using final version 'de92556b0d9f1e47335f82d3f220dcba8e50ec33'
  Downloading from blobstore (id=9834488d-d3dd-4406-b215-57423bb90dda)...

Building nats...
  Using final version '600de811c417ca9a0fc2939d2b52a9ffaf001946'
  Downloading from blobstore (id=98691521-e3f2-4c7c-bf7a-27b6a9dde791)...

Building dea_next...
  Using final version '5cecdadcca5d7ecb2c9449921ac7729dda8ca692'
  Downloading from blobstore (id=87520be1-58dd-4ed5-9054-71077799085d)...

Building hm9000...
  Using final version '5d6b6e516e641dfcac4884bd0105b8d01481258a'
  Downloading from blobstore (id=11925c09-65eb-4798-a0d8-2101a57671df)...

Building cloud_controller_ng...
  Using final version '12c4e2a9fa3999794e398763ade1e3cf2d861809'
  Downloading from blobstore (id=a7ee98ae-f69d-4bd2-8065-84944c380cfa)...

Building blobstore...
  Using final version 'bc2d50c5327c75f73b55d452cbdf13bf287aca4d'
  Downloading from blobstore (id=acab5711-b213-4e70-b18b-80bceaad89c6)...

Building stager...
  Using final version 'fb848481e3b40adac0daff83a381e8080ec7c39c'
  Downloading from blobstore (id=732e1b50-71fa-4843-abaf-79125e463dce)...

Building nats_stream_forwarder...
  Using final version '4515283e8bc83b4eeaf3ee28f33009facce33b8f'
  Downloading from blobstore (id=3e1632fb-e9f6-469f-adcf-0c211a3f3968)...

Building route_registrar...
  Using final version 'c01b695237d3ece2d18af387e291158c55e90ea9'
  Downloading from blobstore (id=0f57fa8f-a565-4de6-88d4-1a5224687730)...

Building metron_agent...
  Using final version '09714e2755889dbfe68cd2d3a636966f3dd07d38'
  Downloading from blobstore (id=79aeab2d-f96a-4769-be6b-5d40d76e80f0)...

Building doppler...
  Using final version '12131dace83a7ad57bc4f327304aaf0d8d419adc'
  Downloading from blobstore (id=afd15fbd-fd6b-4df3-baeb-e47eff1885fb)...

Building nodejs-buildpack...
  Using final version '4c9350acbe70b71e8f851d16b6a24fd6074a7400'
  Downloading from blobstore (id=1a66742f-945d-4f98-9e03-e2bdc6dd5a5b)...

Building uaa...
  Using final version '58c0cd61aa60a4839b834f17fe07c6fe81ae69d9'
  Downloading from blobstore (id=f7529d0d-f4ed-4173-9526-80cfe5a4e9b0)...

Building go-buildpack...
  Using final version '6a96c195d72160f64d4624612c235fe0142f0a42'
  Downloading from blobstore (id=471da9e5-ae55-4d21-9cbf-10a5255cabc2)...

Building haproxy...
  Using final version 'd675c47a91714fc11d4f7b802f187e26e31281bc'
  Downloading from blobstore (id=6741795d-a6c2-4e94-8be6-028363f08aa9)...

Building php-buildpack...
  Using final version '29d809f43b59ffc3c2a14ac3888d7b20eb869c67'
  Downloading from blobstore (id=ddc53bf9-a38b-4332-bcb8-8a03cad25370)...

Building smoke-tests...
  Using final version 'f5e4b489538b9cacb4928e1f96ff0048b8eb72c5'
  Downloading from blobstore (id=adf185d7-4540-4678-86b5-d6871e8bd401)...

Building debian_nfs_server...
  Using final version '8c6159eca06f8b8dfbea48f9885340ba2fca6baf'
  Downloading from blobstore (id=0c63702c-5f3b-4b95-8ea2-8a7558b6a31c)...

Building tps...
  Using final version 'c8f265265e9adfad16d3cf5f32e7f2e9a2accd69'
  Downloading from blobstore (id=f39ed145-6e1d-482c-989a-b987ed8b06c8)...

Building gorouter...
  Using final version 'cb6f441bca1f8e3bcec87089ebfa1bf805db82f7'
  Downloading from blobstore (id=8bbf53bc-3a5a-48ba-b50a-9d11942c8b14)...

Building collector...
  Using final version '6c210292f18d129e9a037fe7053836db2d494344'
  Downloading from blobstore (id=9d0e2c5c-6825-4ff9-ad42-4b9ccd2090f9)...

Building ruby-buildpack...
  Using final version '5c7e00c6e3deacb08ee95798a9194055bedbf246'
  Downloading from blobstore (id=1bd737de-1dc4-4edf-a2c8-3c2faaeeb6d6)...

Building postgres...
  Using final version 'd21f787a348dc72c3290a97b753cb0545760be36'
  Downloading from blobstore (id=0a7b1977-26a6-4f01-9967-20a8ef8e96f4)...

Building etcd...
  Using final version '5b804d2a1e3cff5d0ec250d7e1ddfb3375169d5b'
  Downloading from blobstore (id=e3477420-02b0-469a-9790-628867cd7a52)...

Building loggregator_trafficcontroller...
  Using final version '08fead00ce93db58a19ad3a13639ec1bdc3a1b5c'
  Downloading from blobstore (id=a7c7e7fd-9ebb-4582-b69a-d04498af3c80)...

Building acceptance-tests...
  Using final version '8d90b7e8fb55a710beb8c4f1d796694504b0f307'
  Downloading from blobstore (id=bdacf90f-2e58-4f68-bcf2-320985ed79b8)...

Building syslog_drain_binder...
  Using final version 'e61f420765c1390543216f8f321ccfd78e292061'
  Downloading from blobstore (id=cf3a0874-f104-4bf5-ab64-d5341cf85541)...

Building nfs_mounter...
  Using final version '4630a72f08ebe6713e58a4abda6d5f2085b344a0'
  Downloading from blobstore (id=08c3322c-f83b-40f6-bcc4-77f26f3e52cf)...

Building java-buildpack...
  Using final version '3129e468525792deb8d482d5fea6bed79c585f95'
  Downloading from blobstore (id=d1fce136-6ab7-446e-aec1-d6c40cc8fadd)...

Building metron_agent_windows...
  Using final version '872f1455cba8cfcd8d920e09b7b846eacd760a0d'
  Downloading from blobstore (id=65fd9e10-9c5d-4b02-8e31-3c9dd19e9df9)...

Building staticfile-buildpack...
  Using final version '6031f7be3c42493fd3e147de50ee109d83f483c1'
  Downloading from blobstore (id=0eaf62ab-fe02-428e-ba71-cefc229ce85b)...

Building cc_uploader...
  Using final version '424c2f1e9bd5155ac4bca013f516f22217b41e04'
  Downloading from blobstore (id=35423fa7-cdc1-401d-a418-d198cebada7f)...

Building etcd_metrics_server...
  Using final version '7565065e00c294161f172adfc57623fd9a6cc7c7'
  Downloading from blobstore (id=2d22061d-ab0c-465c-9ee8-dbbbfa433bc2)...

Building cloud_controller_clock...
  Using final version 'a6722f94c4dc8b49cb30f462be8b74aa179c4d85'
  Downloading from blobstore (id=9a656ad2-d7f2-43a9-825c-d0e18cbbcb45)...

Building dea_logging_agent...
  Using final version '59de9485646549194e501ce2878449842943020c'
  Downloading from blobstore (id=03d69a43-7c56-430f-a276-7d4836ff4762)...

Building consul_agent...
  Using final version '5a20ddd1e9c5fff2d2b4a5b77df73efc0b0523f3'
  Downloading from blobstore (id=ce4f7c26-49b0-4dbb-9afe-8a45362abd24)...

Building binary-buildpack...
  Using final version 'e2753ad7c384717801a27475b99bdea16669685d'
  Downloading from blobstore (id=83b0bfd9-43d4-4cde-987f-80763b22b7fd)...


Building release
----------------

Generating manifest...
----------------------
Writing manifest...

Release summary
---------------
License
+---------+------------------------------------------+-------+
| Name    | Version                                  | Notes |
+---------+------------------------------------------+-------+
| license | 861d82c0d9745784acfcd026ccf44e942579824a |       |
+---------+------------------------------------------+-------+

Packages
+-------------------------------+------------------------------------------+-------------+
| Name                          | Version                                  | Notes       |
+-------------------------------+------------------------------------------+-------------+
| statsd-injector               | 32056a79ed2528b5f307deb6af137a12242bb35a |             |
| golang1.7                     | 48ce7b3927e6f7e6576fff21a7dc9d22b7ba9c62 |             |
| python-buildpack              | 74ea078a8e7084f686cc9c0b16316003cf214890 |             |
| nsync                         | 8340a6b191c0702c5efad712f4a96b6f6e371df5 |             |
| nats-common                   | 1f712a21c0b1cbb3b547eccc79eb159aaee48b99 |             |
| nats                          | 9da10677048bd8c1237ae5f14ffe6be34ad16def |             |
| ruby-2.3                      | debd726c1edb8dea8654bb3c46539a4ee75bff75 |             |
| cli                           | 60a741596e7fc803f45c9628364b21d1b247550b |             |
| uaa_utils                     | 20557445bf996af17995a5f13bf5f87000600f2e |             |
| postgres-9.4.9                | 8a20abd4ccec4d356cc29169d38be561d99bc1ff |             |
| dea_next                      | a04b381f4a37174b61681601cd04180c16c4874d | new version |
| hm9000                        | 7e2701aa5baa845503db0800ffc6f30e7bf90c38 |             |
| cloud_controller_ng           | 8c1ec2491124e0bcde0a5f0d268ff02a4b1e722b |             |
| postgres-common               | 368d38d49a3cc717559ebcdb2390b68882a85053 |             |
| nginx_webdav                  | ee1d48cbce7f78f1395b12837a500c11e5066fa7 |             |
| stager                        | e14f9b90b2f10ea916e60766bc2131ed240cff35 |             |
| route_registrar               | 0d3addc06d9d1244f55464033de5d64f1c30bdb7 |             |
| nginx_newrelic_plugin         | 2de1c5ba9dec62be54c9ff4ed3b32a126463e0d8 |             |
| metron_agent                  | c23eac93d8c8780326757d51f26b5ff17c223271 |             |
| doppler                       | e579418676bbd5d1c8b37b12df0c226a1b7156c2 |             |
| etcd-consistency-checker      | 3cf9e965c6a4d31ff80ac7cc15f06bfabce90601 |             |
| common                        | 0575b134322262f5213542d0db755f686c3994fd |             |
| consul                        | c114e20968d91e1095d4d3282265cc65ad98d9c6 |             |
| nodejs-buildpack              | 92f3cdffbd04fb6e7cab22fb118c367d5a317f5e |             |
| blobstore_url_signer          | f16ce779b8f82ac533ad4ebb13e05bf99077d5f7 | new version |
| uaa                           | f52080a83eece847ad7e20a4d6d970d9dff037f7 | new version |
| go-buildpack                  | a5b00102be424bff50b40929d134a61b147b7dd2 |             |
| haproxy                       | f061c9f4854fab702991cf42653b9b09d711c9c1 |             |
| php-buildpack                 | 98c3c2392038d8b1b06a1c071425e2a4abf282e4 |             |
| golang1.6                     | 5dd4024894667ba7f647b883bbff25c04960e5c1 |             |
| smoke-tests                   | 47e703e4beeceb83691e6472644486980854a26a |             |
| ruby-2.1.8                    | 0a758a4dc3408937b64f89aaa39f8ee25cce5454 |             |
| debian_nfs_server             | aac05f22582b2f9faa6840da056084ed15772594 |             |
| tps                           | e19239db58fb91edb5f670e24ef793d266fd6544 |             |
| rootfs_cflinuxfs2             | 0f191d74bad1c8d5a731bfd6f4fe2a9d6df26b42 |             |
| gorouter                      | f62660d68c69d62589b5a35f0b0ccf113495c0ee |             |
| collector                     | 9f8dfbcbcfffb124820327ad2ad4fee35e51d236 |             |
| ruby-buildpack                | 4c7c98da755f37ce688ceb8c851ec2681ab16471 |             |
| etcd-dns-checker              | 9676918944de93dd773b706cc7ecc68073492372 |             |
| buildpack_java                | 1ade0d537179179833411f7497fde535fa7e1600 |             |
| etcd                          | 1fc907ba4fba3b6e0f59606dfa36108cf505abb4 | new version |
| loggregator_trafficcontroller | 07cfc642ce53b757856fcae45793d92cc4175afa |             |
| loggregator_common            | 0fce24a169a51b745965d683f436121c2086c9bd |             |
| warden                        | 7c3205a9b0a66ed816b1d2bd335139c888abb5c0 |             |
| libpq                         | 7e51aa75bcabc47002eccc38be269de63fc6df7d |             |
| capi_utils                    | f0746a954b2d4ab7bf905b8bc742584801e21357 |             |
| acceptance-tests              | 920ace242a18d2bb69c00e26017ada6bb6be0d1e | new version |
| libmariadb                    | 90d7836132e02bb570d91f08c9e116c394888d75 |             |
| nginx                         | b7c8aadb18d53f81a7455e447c5941313872b81d |             |
| golang1.7-windows             | b179e460d5d151def77ad8cb43c4043736bba984 |             |
| gnatsd                        | 81f9a5debd447ad76ad55cae5b558a3a9a1dd1e1 |             |
| syslog_drain_binder           | a7ef8a45870b35b2b5d90d947b5441e02ccef02c |             |
| metron_agent_windows          | 557e7ddc6c316edd66fb325e2565763411ca48d2 |             |
| staticfile-buildpack          | bcc484648d025e0570ccb9da6fe6a402ac68ffb0 |             |
| etcd-common                   | 0f365b3a98184c2a6537efd51f67e8d5e9d2c486 |             |
| cc_uploader                   | 0719382143eaeea9fc4d9b6e94c890f821dc1799 |             |
| etcd_metrics_server           | e498285a38c9d86eac759e40c05af6ea77fe9456 |             |
| routing_utils                 | 91cf17318eb58c2a4840e7e4615453f6c78cee3c |             |
| confab                        | dd1d93d5d80f34203004a3a3439559a699211cf1 | new version |
| dea_logging_agent             | 6bb21f3a0fb68496973398568c26aae8bc4ee27a |             |
| buildpack_java_offline        | 1ef9be52c71df0a41e956ec0abc64954de5faa27 |             |
| ruby-2.2.5                    | 1471d078219e7aee8cb9c0ab1aefabbec561bfa7 |             |
| binary-buildpack              | fa621a71b4134c3ffc628c63d4ed583a3e193c21 |             |
+-------------------------------+------------------------------------------+-------------+

Jobs
+-------------------------------+------------------------------------------+-------+
| Name                          | Version                                  | Notes |
+-------------------------------+------------------------------------------+-------+
| statsd-injector               | 7bb836cf603a4084493d1cc0bb5403b867c0dc15 |       |
| python-buildpack              | c3ebd738c93c1dba9274c435022da84377f23639 |       |
| java-offline-buildpack        | baba85203f19cb43788847dc5b06f4cb594e63fe |       |
| cloud_controller_worker       | 2bf7b754bf937b31164ef821aa0396506e4761e2 |       |
| nsync                         | de92556b0d9f1e47335f82d3f220dcba8e50ec33 |       |
| nats                          | 600de811c417ca9a0fc2939d2b52a9ffaf001946 |       |
| dea_next                      | 5cecdadcca5d7ecb2c9449921ac7729dda8ca692 |       |
| hm9000                        | 5d6b6e516e641dfcac4884bd0105b8d01481258a |       |
| cloud_controller_ng           | 12c4e2a9fa3999794e398763ade1e3cf2d861809 |       |
| blobstore                     | bc2d50c5327c75f73b55d452cbdf13bf287aca4d |       |
| stager                        | fb848481e3b40adac0daff83a381e8080ec7c39c |       |
| nats_stream_forwarder         | 4515283e8bc83b4eeaf3ee28f33009facce33b8f |       |
| route_registrar               | c01b695237d3ece2d18af387e291158c55e90ea9 |       |
| metron_agent                  | 09714e2755889dbfe68cd2d3a636966f3dd07d38 |       |
| doppler                       | 12131dace83a7ad57bc4f327304aaf0d8d419adc |       |
| nodejs-buildpack              | 4c9350acbe70b71e8f851d16b6a24fd6074a7400 |       |
| uaa                           | 58c0cd61aa60a4839b834f17fe07c6fe81ae69d9 |       |
| go-buildpack                  | 6a96c195d72160f64d4624612c235fe0142f0a42 |       |
| haproxy                       | d675c47a91714fc11d4f7b802f187e26e31281bc |       |
| php-buildpack                 | 29d809f43b59ffc3c2a14ac3888d7b20eb869c67 |       |
| smoke-tests                   | f5e4b489538b9cacb4928e1f96ff0048b8eb72c5 |       |
| debian_nfs_server             | 8c6159eca06f8b8dfbea48f9885340ba2fca6baf |       |
| tps                           | c8f265265e9adfad16d3cf5f32e7f2e9a2accd69 |       |
| gorouter                      | cb6f441bca1f8e3bcec87089ebfa1bf805db82f7 |       |
| collector                     | 6c210292f18d129e9a037fe7053836db2d494344 |       |
| ruby-buildpack                | 5c7e00c6e3deacb08ee95798a9194055bedbf246 |       |
| postgres                      | d21f787a348dc72c3290a97b753cb0545760be36 |       |
| etcd                          | 5b804d2a1e3cff5d0ec250d7e1ddfb3375169d5b |       |
| loggregator_trafficcontroller | 08fead00ce93db58a19ad3a13639ec1bdc3a1b5c |       |
| acceptance-tests              | 8d90b7e8fb55a710beb8c4f1d796694504b0f307 |       |
| syslog_drain_binder           | e61f420765c1390543216f8f321ccfd78e292061 |       |
| nfs_mounter                   | 4630a72f08ebe6713e58a4abda6d5f2085b344a0 |       |
| java-buildpack                | 3129e468525792deb8d482d5fea6bed79c585f95 |       |
| metron_agent_windows          | 872f1455cba8cfcd8d920e09b7b846eacd760a0d |       |
| staticfile-buildpack          | 6031f7be3c42493fd3e147de50ee109d83f483c1 |       |
| cc_uploader                   | 424c2f1e9bd5155ac4bca013f516f22217b41e04 |       |
| etcd_metrics_server           | 7565065e00c294161f172adfc57623fd9a6cc7c7 |       |
| cloud_controller_clock        | a6722f94c4dc8b49cb30f462be8b74aa179c4d85 |       |
| dea_logging_agent             | 59de9485646549194e501ce2878449842943020c |       |
| consul_agent                  | 5a20ddd1e9c5fff2d2b4a5b77df73efc0b0523f3 |       |
| binary-buildpack              | e2753ad7c384717801a27475b99bdea16669685d |       |
+-------------------------------+------------------------------------------+-------+

Jobs affected by changes in this release
+-------------------------------+------------------------------------------+
| Name                          | Version                                  |
+-------------------------------+------------------------------------------+
| statsd-injector               | 7bb836cf603a4084493d1cc0bb5403b867c0dc15 |
| python-buildpack              | c3ebd738c93c1dba9274c435022da84377f23639 |
| java-offline-buildpack        | baba85203f19cb43788847dc5b06f4cb594e63fe |
| cloud_controller_worker       | 2bf7b754bf937b31164ef821aa0396506e4761e2 |
| nsync                         | de92556b0d9f1e47335f82d3f220dcba8e50ec33 |
| nats                          | 600de811c417ca9a0fc2939d2b52a9ffaf001946 |
| dea_next                      | 5cecdadcca5d7ecb2c9449921ac7729dda8ca692 |
| hm9000                        | 5d6b6e516e641dfcac4884bd0105b8d01481258a |
| cloud_controller_ng           | 12c4e2a9fa3999794e398763ade1e3cf2d861809 |
| blobstore                     | bc2d50c5327c75f73b55d452cbdf13bf287aca4d |
| stager                        | fb848481e3b40adac0daff83a381e8080ec7c39c |
| nats_stream_forwarder         | 4515283e8bc83b4eeaf3ee28f33009facce33b8f |
| route_registrar               | c01b695237d3ece2d18af387e291158c55e90ea9 |
| metron_agent                  | 09714e2755889dbfe68cd2d3a636966f3dd07d38 |
| doppler                       | 12131dace83a7ad57bc4f327304aaf0d8d419adc |
| nodejs-buildpack              | 4c9350acbe70b71e8f851d16b6a24fd6074a7400 |
| uaa                           | 58c0cd61aa60a4839b834f17fe07c6fe81ae69d9 |
| go-buildpack                  | 6a96c195d72160f64d4624612c235fe0142f0a42 |
| haproxy                       | d675c47a91714fc11d4f7b802f187e26e31281bc |
| php-buildpack                 | 29d809f43b59ffc3c2a14ac3888d7b20eb869c67 |
| smoke-tests                   | f5e4b489538b9cacb4928e1f96ff0048b8eb72c5 |
| debian_nfs_server             | 8c6159eca06f8b8dfbea48f9885340ba2fca6baf |
| tps                           | c8f265265e9adfad16d3cf5f32e7f2e9a2accd69 |
| gorouter                      | cb6f441bca1f8e3bcec87089ebfa1bf805db82f7 |
| collector                     | 6c210292f18d129e9a037fe7053836db2d494344 |
| ruby-buildpack                | 5c7e00c6e3deacb08ee95798a9194055bedbf246 |
| postgres                      | d21f787a348dc72c3290a97b753cb0545760be36 |
| etcd                          | 5b804d2a1e3cff5d0ec250d7e1ddfb3375169d5b |
| loggregator_trafficcontroller | 08fead00ce93db58a19ad3a13639ec1bdc3a1b5c |
| acceptance-tests              | 8d90b7e8fb55a710beb8c4f1d796694504b0f307 |
| syslog_drain_binder           | e61f420765c1390543216f8f321ccfd78e292061 |
| nfs_mounter                   | 4630a72f08ebe6713e58a4abda6d5f2085b344a0 |
| java-buildpack                | 3129e468525792deb8d482d5fea6bed79c585f95 |
| metron_agent_windows          | 872f1455cba8cfcd8d920e09b7b846eacd760a0d |
| staticfile-buildpack          | 6031f7be3c42493fd3e147de50ee109d83f483c1 |
| cc_uploader                   | 424c2f1e9bd5155ac4bca013f516f22217b41e04 |
| etcd_metrics_server           | 7565065e00c294161f172adfc57623fd9a6cc7c7 |
| cloud_controller_clock        | a6722f94c4dc8b49cb30f462be8b74aa179c4d85 |
| dea_logging_agent             | 59de9485646549194e501ce2878449842943020c |
| consul_agent                  | 5a20ddd1e9c5fff2d2b4a5b77df73efc0b0523f3 |
| binary-buildpack              | e2753ad7c384717801a27475b99bdea16669685d |
+-------------------------------+------------------------------------------+

Release name: cf
Release version: 245+dev.1
Release manifest: /home/shilpen/workspace/bosh-lite/cf-release/dev_releases/cf/cf-245+dev.1.yml
shilpen@shilpen-All-Series:~/workspace/bosh-lite/cf-release$ 

